[14:44:25] [main/INFO]: Environment: authHost='https://authserver.mojang.com', accountsHost='https://api.mojang.com', sessionHost='https://sessionserver.mojang.com', name='PROD'
[14:44:26] [main/INFO]: Reloading ResourceManager: Default, bukkit
[14:44:26] [Server-Worker-16/INFO]: Loaded 7 recipes
[14:44:26] [Server thread/INFO]: Starting minecraft server version 1.16.1
[14:44:26] [Server thread/INFO]: Loading properties
[14:44:26] [Server thread/INFO]: This server is running Paper version git-Paper-138 (MC: 1.16.1) (Implementing API version 1.16.1-R0.1-SNAPSHOT)
[14:44:26] [Server thread/INFO]: Using 4 threads for Netty based IO
[14:44:26] [Server thread/INFO]: Server Ping Player Sample Count: 12
[14:44:26] [Server thread/INFO]: Debug logging is disabled
[14:44:27] [Server thread/INFO]: Default game type: SURVIVAL
[14:44:27] [Server thread/INFO]: Generating keypair
[14:44:27] [Server thread/INFO]: Starting Minecraft server on *:25565
[14:44:27] [Server thread/INFO]: Using epoll channel type
[14:44:27] [Server thread/ERROR]: Fatal error trying to convert AllTheWebhooks v1.4.1:com/chibashr/allthewebhooks/AllTheWebhooksPlugin.class
java.lang.IllegalArgumentException: Unsupported class file major version 65
	at org.bukkit.craftbukkit.libs.org.objectweb.asm.ClassReader.<init>(ClassReader.java:196) ~[patched_1.16.1.jar:git-Paper-138]
	at org.bukkit.craftbukkit.libs.org.objectweb.asm.ClassReader.<init>(ClassReader.java:177) ~[patched_1.16.1.jar:git-Paper-138]
	at org.bukkit.craftbukkit.libs.org.objectweb.asm.ClassReader.<init>(ClassReader.java:163) ~[patched_1.16.1.jar:git-Paper-138]
	at org.bukkit.craftbukkit.v1_16_R1.util.Commodore.convert(Commodore.java:171) ~[patched_1.16.1.jar:git-Paper-138]
	at org.bukkit.craftbukkit.v1_16_R1.util.CraftMagicNumbers.processClass(CraftMagicNumbers.java:313) ~[patched_1.16.1.jar:git-Paper-138]
	at org.bukkit.plugin.java.PluginClassLoader.findClass(PluginClassLoader.java:144) ~[patched_1.16.1.jar:git-Paper-138]
	at org.bukkit.plugin.java.JavaPluginLoader.getClassByName(JavaPluginLoader.java:216) ~[patched_1.16.1.jar:git-Paper-138]
	at org.bukkit.plugin.java.PluginClassLoader.findClass(PluginClassLoader.java:111) ~[patched_1.16.1.jar:git-Paper-138]
	at org.bukkit.plugin.java.PluginClassLoader.findClass(PluginClassLoader.java:100) ~[patched_1.16.1.jar:git-Paper-138]
	at java.lang.ClassLoader.loadClassHelper(ClassLoader.java:959) ~[?:1.8.0_502]
	at java.lang.ClassLoader.loadClass(ClassLoader.java:904) ~[?:1.8.0_502]
	at java.lang.ClassLoader.loadClass(ClassLoader.java:887) ~[?:1.8.0_502]
	at java.lang.Class.forNameImpl(Native Method) ~[?:1.8.0_502]
	at java.lang.Class.forName(Class.java:413) ~[?:1.8.0_502]
	at org.bukkit.plugin.java.PluginClassLoader.<init>(PluginClassLoader.java:68) ~[patched_1.16.1.jar:git-Paper-138]
	at org.bukkit.plugin.java.JavaPluginLoader.loadPlugin(JavaPluginLoader.java:137) ~[patched_1.16.1.jar:git-Paper-138]
	at org.bukkit.plugin.SimplePluginManager.loadPlugin(SimplePluginManager.java:397) ~[patched_1.16.1.jar:git-Paper-138]
	at org.bukkit.plugin.SimplePluginManager.loadPlugins(SimplePluginManager.java:305) ~[patched_1.16.1.jar:git-Paper-138]
	at org.bukkit.craftbukkit.v1_16_R1.CraftServer.loadPlugins(CraftServer.java:388) ~[patched_1.16.1.jar:git-Paper-138]
	at net.minecraft.server.v1_16_R1.DedicatedServer.init(DedicatedServer.java:208) ~[patched_1.16.1.jar:git-Paper-138]
	at net.minecraft.server.v1_16_R1.MinecraftServer.v(MinecraftServer.java:941) ~[patched_1.16.1.jar:git-Paper-138]
	at net.minecraft.server.v1_16_R1.MinecraftServer.lambda$a$0(MinecraftServer.java:177) ~[patched_1.16.1.jar:git-Paper-138]
	at java.lang.Thread.run(Thread.java:823) [?:1.8.0_502]
[14:44:27] [Server thread/ERROR]: Could not load 'plugins/atw.jar' in folder 'plugins'
org.bukkit.plugin.InvalidPluginException: java.lang.UnsupportedClassVersionError: JVMCFRE199E bad major version 65.0 of class=com/chibashr/allthewebhooks/AllTheWebhooksPlugin, the maximum supported major version is 52.0; offset=6
	at org.bukkit.plugin.java.JavaPluginLoader.loadPlugin(JavaPluginLoader.java:141) ~[patched_1.16.1.jar:git-Paper-138]
	at org.bukkit.plugin.SimplePluginManager.loadPlugin(SimplePluginManager.java:397) ~[patched_1.16.1.jar:git-Paper-138]
	at org.bukkit.plugin.SimplePluginManager.loadPlugins(SimplePluginManager.java:305) ~[patched_1.16.1.jar:git-Paper-138]
	at org.bukkit.craftbukkit.v1_16_R1.CraftServer.loadPlugins(CraftServer.java:388) ~[patched_1.16.1.jar:git-Paper-138]
	at net.minecraft.server.v1_16_R1.DedicatedServer.init(DedicatedServer.java:208) ~[patched_1.16.1.jar:git-Paper-138]
	at net.minecraft.server.v1_16_R1.MinecraftServer.v(MinecraftServer.java:941) ~[patched_1.16.1.jar:git-Paper-138]
	at net.minecraft.server.v1_16_R1.MinecraftServer.lambda$a$0(MinecraftServer.java:177) ~[patched_1.16.1.jar:git-Paper-138]
	at java.lang.Thread.run(Thread.java:823) [?:1.8.0_502]
Caused by: java.lang.UnsupportedClassVersionError: JVMCFRE199E bad major version 65.0 of class=com/chibashr/allthewebhooks/AllTheWebhooksPlugin, the maximum supported major version is 52.0; offset=6
	at java.lang.ClassLoader.defineClassImpl(Native Method) ~[?:1.8.0_502]
	at java.lang.ClassLoader.defineClassInternal(ClassLoader.java:400) ~[?:1.8.0_502]
	at java.lang.ClassLoader.defineClass(ClassLoader.java:361) ~[?:1.8.0_502]
	at java.security.SecureClassLoader.defineClass(SecureClassLoader.java:142) ~[?:1.8.0_502]
	at org.bukkit.plugin.java.PluginClassLoader.findClass(PluginClassLoader.java:167) ~[patched_1.16.1.jar:git-Paper-138]
	at org.bukkit.plugin.java.JavaPluginLoader.getClassByName(JavaPluginLoader.java:216) ~[patched_1.16.1.jar:git-Paper-138]
	at org.bukkit.plugin.java.PluginClassLoader.findClass(PluginClassLoader.java:111) ~[patched_1.16.1.jar:git-Paper-138]
	at org.bukkit.plugin.java.PluginClassLoader.findClass(PluginClassLoader.java:100) ~[patched_1.16.1.jar:git-Paper-138]
	at java.lang.ClassLoader.loadClassHelper(ClassLoader.java:959) ~[?:1.8.0_502]
	at java.lang.ClassLoader.loadClass(ClassLoader.java:904) ~[?:1.8.0_502]
	at java.lang.ClassLoader.loadClass(ClassLoader.java:887) ~[?:1.8.0_502]
	at java.lang.Class.forNameImpl(Native Method) ~[?:1.8.0_502]
	at java.lang.Class.forName(Class.java:413) ~[?:1.8.0_502]
	at org.bukkit.plugin.java.PluginClassLoader.<init>(PluginClassLoader.java:68) ~[patched_1.16.1.jar:git-Paper-138]
	at org.bukkit.plugin.java.JavaPluginLoader.loadPlugin(JavaPluginLoader.java:137) ~[patched_1.16.1.jar:git-Paper-138]
	... 7 more
[14:44:27] [Server thread/INFO]: Server permissions file permissions.yml is empty, ignoring it
[14:44:27] [Server thread/INFO]: Preparing level "world"
[14:44:27] [Server thread/INFO]: -------- World Settings For [world] --------
[14:44:27] [Server thread/INFO]: Cactus Growth Modifier: 100%
[14:44:27] [Server thread/INFO]: Cane Growth Modifier: 100%
[14:44:27] [Server thread/INFO]: Melon Growth Modifier: 100%
[14:44:27] [Server thread/INFO]: Mushroom Growth Modifier: 100%
[14:44:27] [Server thread/INFO]: Pumpkin Growth Modifier: 100%
[14:44:27] [Server thread/INFO]: Sapling Growth Modifier: 100%
[14:44:27] [Server thread/INFO]: Beetroot Growth Modifier: 100%
[14:44:27] [Server thread/INFO]: Carrot Growth Modifier: 100%
[14:44:27] [Server thread/INFO]: Potato Growth Modifier: 100%
[14:44:27] [Server thread/INFO]: Wheat Growth Modifier: 100%
[14:44:27] [Server thread/INFO]: NetherWart Growth Modifier: 100%
[14:44:27] [Server thread/INFO]: Vine Growth Modifier: 100%
[14:44:27] [Server thread/INFO]: Cocoa Growth Modifier: 100%
[14:44:27] [Server thread/INFO]: Bamboo Growth Modifier: 100%
[14:44:27] [Server thread/INFO]: SweetBerry Growth Modifier: 100%
[14:44:27] [Server thread/INFO]: Kelp Growth Modifier: 100%
[14:44:27] [Server thread/INFO]: Item Merge Radius: 2.5
[14:44:27] [Server thread/INFO]: Experience Merge Radius: 3.0
[14:44:27] [Server thread/INFO]: View Distance: 10
[14:44:27] [Server thread/INFO]: Mob Spawn Range: 8
[14:44:27] [Server thread/INFO]: Item Despawn Rate: 6000
[14:44:27] [Server thread/INFO]: Entity Activation Range: An 32 / Mo 32 / Ra 48 / Mi 16 / Tiv true
[14:44:27] [Server thread/INFO]: Entity Tracking Range: Pl 48 / An 48 / Mo 48 / Mi 32 / Other 64
[14:44:27] [Server thread/INFO]: Hopper Transfer: 8 Hopper Check: 1 Hopper Amount: 1
[14:44:27] [Server thread/INFO]: Arrow Despawn Rate: 1200 Trident Respawn Rate:1200
[14:44:27] [Server thread/INFO]: Zombie Aggressive Towards Villager: true
[14:44:27] [Server thread/INFO]: Nerfing mobs spawned from spawners: false
[14:44:27] [Server thread/INFO]: Allow Zombie Pigmen to spawn from portal blocks: true
[14:44:27] [Server thread/INFO]: Custom Map Seeds:  Village: 10387312 Desert: 14357617 Igloo: 14357618 Jungle: 14357619 Swamp: 14357620 Monument: 10387313 Ocean: 14357621 Shipwreck: 165745295 End City: 10387313 Slime: 987234911 Bastion: 30084232 Fortress: 30084232 Mansion: 10387319 Fossil: 14357921 Portal: 34222645
[14:44:27] [Server thread/INFO]: Max TNT Explosions: 100
[14:44:27] [Server thread/INFO]: Tile Max Tick Time: 50ms Entity max Tick Time: 50ms
[14:44:27] [Server thread/INFO]: -------- World Settings For [world_nether] --------
[14:44:27] [Server thread/INFO]: Cactus Growth Modifier: 100%
[14:44:27] [Server thread/INFO]: Cane Growth Modifier: 100%
[14:44:27] [Server thread/INFO]: Melon Growth Modifier: 100%
[14:44:27] [Server thread/INFO]: Mushroom Growth Modifier: 100%
[14:44:27] [Server thread/INFO]: Pumpkin Growth Modifier: 100%
[14:44:27] [Server thread/INFO]: Sapling Growth Modifier: 100%
[14:44:27] [Server thread/INFO]: Beetroot Growth Modifier: 100%
[14:44:27] [Server thread/INFO]: Carrot Growth Modifier: 100%
[14:44:27] [Server thread/INFO]: Potato Growth Modifier: 100%
[14:44:27] [Server thread/INFO]: Wheat Growth Modifier: 100%
[14:44:27] [Server thread/INFO]: NetherWart Growth Modifier: 100%
[14:44:27] [Server thread/INFO]: Vine Growth Modifier: 100%
[14:44:27] [Server thread/INFO]: Cocoa Growth Modifier: 100%
[14:44:27] [Server thread/INFO]: Bamboo Growth Modifier: 100%
[14:44:27] [Server thread/INFO]: SweetBerry Growth Modifier: 100%
[14:44:27] [Server thread/INFO]: Kelp Growth Modifier: 100%
[14:44:27] [Server thread/INFO]: Item Merge Radius: 2.5
[14:44:27] [Server thread/INFO]: Experience Merge Radius: 3.0
[14:44:27] [Server thread/INFO]: View Distance: 10
[14:44:27] [Server thread/INFO]: Mob Spawn Range: 8
[14:44:27] [Server thread/INFO]: Item Despawn Rate: 6000
[14:44:27] [Server thread/INFO]: Entity Activation Range: An 32 / Mo 32 / Ra 48 / Mi 16 / Tiv true
[14:44:27] [Server thread/INFO]: Entity Tracking Range: Pl 48 / An 48 / Mo 48 / Mi 32 / Other 64
[14:44:27] [Server thread/INFO]: Hopper Transfer: 8 Hopper Check: 1 Hopper Amount: 1
[14:44:27] [Server thread/INFO]: Arrow Despawn Rate: 1200 Trident Respawn Rate:1200
[14:44:27] [Server thread/INFO]: Zombie Aggressive Towards Villager: true
[14:44:27] [Server thread/INFO]: Nerfing mobs spawned from spawners: false
[14:44:27] [Server thread/INFO]: Allow Zombie Pigmen to spawn from portal blocks: true
[14:44:27] [Server thread/INFO]: Custom Map Seeds:  Village: 10387312 Desert: 14357617 Igloo: 14357618 Jungle: 14357619 Swamp: 14357620 Monument: 10387313 Ocean: 14357621 Shipwreck: 165745295 End City: 10387313 Slime: 987234911 Bastion: 30084232 Fortress: 30084232 Mansion: 10387319 Fossil: 14357921 Portal: 34222645
[14:44:27] [Server thread/INFO]: Max TNT Explosions: 100
[14:44:27] [Server thread/INFO]: Tile Max Tick Time: 50ms Entity max Tick Time: 50ms
[14:44:27] [Server thread/INFO]: -------- World Settings For [world_the_end] --------
[14:44:27] [Server thread/INFO]: Cactus Growth Modifier: 100%
[14:44:27] [Server thread/INFO]: Cane Growth Modifier: 100%
[14:44:27] [Server thread/INFO]: Melon Growth Modifier: 100%
[14:44:27] [Server thread/INFO]: Mushroom Growth Modifier: 100%
[14:44:27] [Server thread/INFO]: Pumpkin Growth Modifier: 100%
[14:44:27] [Server thread/INFO]: Sapling Growth Modifier: 100%
[14:44:27] [Server thread/INFO]: Beetroot Growth Modifier: 100%
[14:44:27] [Server thread/INFO]: Carrot Growth Modifier: 100%
[14:44:27] [Server thread/INFO]: Potato Growth Modifier: 100%
[14:44:27] [Server thread/INFO]: Wheat Growth Modifier: 100%
[14:44:27] [Server thread/INFO]: NetherWart Growth Modifier: 100%
[14:44:27] [Server thread/INFO]: Vine Growth Modifier: 100%
[14:44:27] [Server thread/INFO]: Cocoa Growth Modifier: 100%
[14:44:27] [Server thread/INFO]: Bamboo Growth Modifier: 100%
[14:44:27] [Server thread/INFO]: SweetBerry Growth Modifier: 100%
[14:44:27] [Server thread/INFO]: Kelp Growth Modifier: 100%
[14:44:27] [Server thread/INFO]: Item Merge Radius: 2.5
[14:44:27] [Server thread/INFO]: Experience Merge Radius: 3.0
[14:44:27] [Server thread/INFO]: View Distance: 10
[14:44:27] [Server thread/INFO]: Mob Spawn Range: 8
[14:44:27] [Server thread/INFO]: Item Despawn Rate: 6000
[14:44:27] [Server thread/INFO]: Entity Activation Range: An 32 / Mo 32 / Ra 48 / Mi 16 / Tiv true
[14:44:27] [Server thread/INFO]: Entity Tracking Range: Pl 48 / An 48 / Mo 48 / Mi 32 / Other 64
[14:44:27] [Server thread/INFO]: Hopper Transfer: 8 Hopper Check: 1 Hopper Amount: 1
[14:44:27] [Server thread/INFO]: Arrow Despawn Rate: 1200 Trident Respawn Rate:1200
[14:44:27] [Server thread/INFO]: Zombie Aggressive Towards Villager: true
[14:44:27] [Server thread/INFO]: Nerfing mobs spawned from spawners: false
[14:44:27] [Server thread/INFO]: Allow Zombie Pigmen to spawn from portal blocks: true
[14:44:27] [Server thread/INFO]: Custom Map Seeds:  Village: 10387312 Desert: 14357617 Igloo: 14357618 Jungle: 14357619 Swamp: 14357620 Monument: 10387313 Ocean: 14357621 Shipwreck: 165745295 End City: 10387313 Slime: 987234911 Bastion: 30084232 Fortress: 30084232 Mansion: 10387319 Fossil: 14357921 Portal: 34222645
[14:44:27] [Server thread/INFO]: Max TNT Explosions: 100
[14:44:27] [Server thread/INFO]: Tile Max Tick Time: 50ms Entity max Tick Time: 50ms
[14:44:27] [Server thread/INFO]: Preparing start region for dimension minecraft:overworld
[14:44:27] [Server thread/INFO]: Loaded 0 spawn chunks for world world
[14:44:27] [Server thread/INFO]: Preparing spawn area: 0%
[14:44:28] [Server thread/INFO]: Preparing spawn area: 0%
[14:44:28] [Server thread/INFO]: Time elapsed: 786 ms
[14:44:28] [Server thread/INFO]: Preparing start region for dimension minecraft:the_nether
[14:44:28] [Server thread/INFO]: Loaded 0 spawn chunks for world world_nether
[14:44:28] [Server thread/INFO]: Preparing spawn area: 0%
[14:44:28] [Server thread/INFO]: Preparing spawn area: 21%
[14:44:28] [Server thread/INFO]: Time elapsed: 613 ms
[14:44:28] [Server thread/INFO]: Preparing start region for dimension minecraft:the_end
[14:44:28] [Server thread/INFO]: Loaded 0 spawn chunks for world world_the_end
[14:44:28] [Server thread/INFO]: Preparing spawn area: 0%
[14:44:29] [Server thread/INFO]: Preparing spawn area: 39%
[14:44:29] [Server thread/INFO]: Time elapsed: 899 ms
[14:44:29] [Server thread/INFO]: Running delayed init tasks
[14:44:29] [Server thread/INFO]: Done (3.083s)! For help, type "help"
[14:44:29] [Server thread/INFO]: Timings Reset
[14:56:35] [Server thread/INFO]: Stopping server
[14:56:35] [Server thread/INFO]: Saving players
[14:56:35] [Server thread/INFO]: Saving worlds
[14:56:35] [Server thread/INFO]: Saving chunks for level 'ServerLevel[world]'/minecraft:overworld
[14:56:35] [Server thread/INFO]: ThreadedAnvilChunkStorage (world): All chunks are saved
[14:56:35] [Server thread/INFO]: Saving chunks for level 'ServerLevel[world_nether]'/minecraft:the_nether
[14:56:36] [Server thread/INFO]: ThreadedAnvilChunkStorage (DIM-1): All chunks are saved
[14:56:36] [Server thread/INFO]: Saving chunks for level 'ServerLevel[world_the_end]'/minecraft:the_end
[14:56:36] [Server thread/INFO]: ThreadedAnvilChunkStorage (DIM1): All chunks are saved
[14:56:36] [Server thread/INFO]: ThreadedAnvilChunkStorage (world): All chunks are saved
[14:56:36] [Server thread/INFO]: ThreadedAnvilChunkStorage (DIM-1): All chunks are saved
[14:56:36] [Server thread/INFO]: ThreadedAnvilChunkStorage (DIM1): All chunks are saved
[14:56:36] [Server thread/INFO]: Flushing Chunk IO
[14:56:36] [Server thread/INFO]: Closing Thread Pool
[14:56:36] [Server thread/INFO]: Closing Server
